Release 14.7 - xst P.20131013 (nt64)
Copyright (c) 1995-2013 Xilinx, Inc.  All rights reserved.
--> Parameter TMPDIR set to xst/projnav.tmp


Total REAL time to Xst completion: 0.00 secs
Total CPU time to Xst completion: 0.09 secs
 
--> Parameter xsthdpdir set to xst


Total REAL time to Xst completion: 0.00 secs
Total CPU time to Xst completion: 0.09 secs
 
--> Reading design: Calculator.prj

TABLE OF CONTENTS
  1) Synthesis Options Summary
  2) HDL Compilation
  3) Design Hierarchy Analysis
  4) HDL Analysis
  5) HDL Synthesis
     5.1) HDL Synthesis Report
  6) Advanced HDL Synthesis
     6.1) Advanced HDL Synthesis Report
  7) Low Level Synthesis
  8) Partition Report
  9) Final Report
	9.1) Device utilization summary
	9.2) Partition Resource Summary
	9.3) TIMING REPORT


=========================================================================
*                      Synthesis Options Summary                        *
=========================================================================
---- Source Parameters
Input File Name                    : "Calculator.prj"
Input Format                       : mixed
Ignore Synthesis Constraint File   : NO

---- Target Parameters
Output File Name                   : "Calculator"
Output Format                      : NGC
Target Device                      : xc3s100e-5-cp132

---- Source Options
Top Module Name                    : Calculator
Automatic FSM Extraction           : YES
FSM Encoding Algorithm             : Auto
Safe Implementation                : No
FSM Style                          : LUT
RAM Extraction                     : Yes
RAM Style                          : Auto
ROM Extraction                     : Yes
Mux Style                          : Auto
Decoder Extraction                 : YES
Priority Encoder Extraction        : Yes
Shift Register Extraction          : YES
Logical Shifter Extraction         : YES
XOR Collapsing                     : YES
ROM Style                          : Auto
Mux Extraction                     : Yes
Resource Sharing                   : YES
Asynchronous To Synchronous        : NO
Multiplier Style                   : Auto
Automatic Register Balancing       : No

---- Target Options
Add IO Buffers                     : YES
Global Maximum Fanout              : 100000
Add Generic Clock Buffer(BUFG)     : 24
Register Duplication               : YES
Slice Packing                      : YES
Optimize Instantiated Primitives   : NO
Use Clock Enable                   : Yes
Use Synchronous Set                : Yes
Use Synchronous Reset              : Yes
Pack IO Registers into IOBs        : Auto
Equivalent register Removal        : YES

---- General Options
Optimization Goal                  : Speed
Optimization Effort                : 1
Keep Hierarchy                     : No
Netlist Hierarchy                  : As_Optimized
RTL Output                         : Yes
Global Optimization                : AllClockNets
Read Cores                         : YES
Write Timing Constraints           : NO
Cross Clock Analysis               : NO
Hierarchy Separator                : /
Bus Delimiter                      : <>
Case Specifier                     : Maintain
Slice Utilization Ratio            : 100
BRAM Utilization Ratio             : 100
Verilog 2001                       : YES
Auto BRAM Packing                  : NO
Slice Utilization Ratio Delta      : 5

=========================================================================


=========================================================================
*                          HDL Compilation                              *
=========================================================================
Compiling verilog file "HalfAdder.v" in library work
Compiling verilog file "FullAdder.v" in library work
Module <HalfAdder> compiled
Compiling verilog file "twobit_counter.v" in library work
Module <FullAdder> compiled
Compiling verilog file "four_to_one_mux.v" in library work
Module <twobit_counter> compiled
Compiling verilog file "FourBitAdder.v" in library work
Module <four_to_one_mux> compiled
Compiling verilog file "Division.v" in library work
Module <FourBitAdder> compiled
Compiling verilog file "delay_clock.v" in library work
Module <Division> compiled
Compiling verilog file "decoder_numberboxselector.v" in library work
Module <delay_clock> compiled
Compiling verilog file "binary_to_BCD.v" in library work
Module <decoder_numberboxselector> compiled
Compiling verilog file "BCD_sevensegment.v" in library work
Module <binary_to_BCD> compiled
Compiling verilog file "Calculator.v" in library work
Module <BCD_sevensegment> compiled
Module <Calculator> compiled
No errors in compilation
Analysis of file <"Calculator.prj"> succeeded.
 

=========================================================================
*                     Design Hierarchy Analysis                         *
=========================================================================
Analyzing hierarchy for module <Calculator> in library <work>.

Analyzing hierarchy for module <binary_to_BCD> in library <work>.

Analyzing hierarchy for module <four_to_one_mux> in library <work>.

Analyzing hierarchy for module <delay_clock> in library <work>.

Analyzing hierarchy for module <twobit_counter> in library <work>.

Analyzing hierarchy for module <decoder_numberboxselector> in library <work>.

Analyzing hierarchy for module <BCD_sevensegment> in library <work>.

Analyzing hierarchy for module <Division> in library <work>.

Analyzing hierarchy for module <FourBitAdder> in library <work>.

Analyzing hierarchy for module <HalfAdder> in library <work>.

Analyzing hierarchy for module <FullAdder> in library <work>.


=========================================================================
*                            HDL Analysis                               *
=========================================================================
Analyzing top module <Calculator>.
Module <Calculator> is correct for synthesis.
 
Analyzing module <binary_to_BCD> in library <work>.
Module <binary_to_BCD> is correct for synthesis.
 
Analyzing module <four_to_one_mux> in library <work>.
Module <four_to_one_mux> is correct for synthesis.
 
Analyzing module <delay_clock> in library <work>.
Module <delay_clock> is correct for synthesis.
 
Analyzing module <twobit_counter> in library <work>.
Module <twobit_counter> is correct for synthesis.
 
Analyzing module <decoder_numberboxselector> in library <work>.
Module <decoder_numberboxselector> is correct for synthesis.
 
Analyzing module <BCD_sevensegment> in library <work>.
Module <BCD_sevensegment> is correct for synthesis.
 
Analyzing module <Division> in library <work>.
Module <Division> is correct for synthesis.
 
Analyzing module <FourBitAdder> in library <work>.
Module <FourBitAdder> is correct for synthesis.
 
Analyzing module <HalfAdder> in library <work>.
Module <HalfAdder> is correct for synthesis.
 
Analyzing module <FullAdder> in library <work>.
Module <FullAdder> is correct for synthesis.
 

=========================================================================
*                           HDL Synthesis                               *
=========================================================================

Performing bidirectional port resolution...

Synthesizing Unit <binary_to_BCD>.
    Related source file is "binary_to_BCD.v".
WARNING:Xst:646 - Signal <shift> is assigned but never used. This unconnected signal will be trimmed during the optimization process.
    Found 4-bit adder for signal <$add0000> created at line 54.
    Found 4-bit adder for signal <$add0001> created at line 54.
    Found 4-bit adder for signal <$add0002> created at line 54.
    Found 4-bit adder for signal <$add0003> created at line 54.
    Found 4-bit adder for signal <$add0004> created at line 60.
    Found 4-bit adder for signal <$add0005> created at line 54.
    Found 4-bit adder for signal <$add0006> created at line 60.
    Found 4-bit comparator greatequal for signal <shift$cmp_ge0000> created at line 52.
    Found 4-bit comparator greatequal for signal <shift$cmp_ge0001> created at line 52.
    Found 4-bit comparator greatequal for signal <shift$cmp_ge0002> created at line 52.
    Found 4-bit comparator greatequal for signal <shift$cmp_ge0003> created at line 58.
    Found 4-bit comparator greatequal for signal <shift$cmp_ge0004> created at line 52.
    Found 4-bit comparator greatequal for signal <shift$cmp_ge0005> created at line 58.
    Found 4-bit comparator greatequal for signal <shift$cmp_ge0006> created at line 52.
    Summary:
	inferred   7 Adder/Subtractor(s).
	inferred   7 Comparator(s).
Unit <binary_to_BCD> synthesized.


Synthesizing Unit <four_to_one_mux>.
    Related source file is "four_to_one_mux.v".
    Found 4-bit 4-to-1 multiplexer for signal <out>.
    Summary:
	inferred   4 Multiplexer(s).
Unit <four_to_one_mux> synthesized.


Synthesizing Unit <delay_clock>.
    Related source file is "delay_clock.v".
    Found 1-bit register for signal <clk_out>.
    Found 20-bit up counter for signal <count>.
    Summary:
	inferred   1 Counter(s).
	inferred   1 D-type flip-flop(s).
Unit <delay_clock> synthesized.


Synthesizing Unit <twobit_counter>.
    Related source file is "twobit_counter.v".
    Found 2-bit up counter for signal <temp>.
    Summary:
	inferred   1 Counter(s).
Unit <twobit_counter> synthesized.


Synthesizing Unit <decoder_numberboxselector>.
    Related source file is "decoder_numberboxselector.v".
    Found 4x4-bit ROM for signal <numberbox>.
    Summary:
	inferred   1 ROM(s).
Unit <decoder_numberboxselector> synthesized.


Synthesizing Unit <BCD_sevensegment>.
    Related source file is "BCD_sevensegment.v".
    Found 16x7-bit ROM for signal <numtobedisplay>.
    Summary:
	inferred   1 ROM(s).
Unit <BCD_sevensegment> synthesized.


Synthesizing Unit <Division>.
    Related source file is "Division.v".
WARNING:Xst:1780 - Signal <diff> is never used or assigned. This unconnected signal will be trimmed during the optimization process.
    Register <qu<5>> equivalent to <qu<4>> has been removed
    Register <qu<6>> equivalent to <qu<4>> has been removed
    Register <qu<7>> equivalent to <qu<4>> has been removed
    Found 4-bit subtractor for signal <$sub0000> created at line 56.
    Found 4-bit subtractor for signal <$sub0001> created at line 56.
    Found 4-bit subtractor for signal <$sub0002> created at line 56.
    Found 4-bit subtractor for signal <$sub0003> created at line 56.
    Found 4-bit comparator greatequal for signal <mux0000$cmp_ge0000> created at line 54.
    Found 5-bit register for signal <qu<4:0>>.
    Found 4-bit register for signal <rem>.
    Found 4-bit comparator greatequal for signal <rem$cmp_ge0000> created at line 54.
    Found 4-bit comparator greatequal for signal <rem$cmp_ge0001> created at line 54.
    Found 4-bit comparator greatequal for signal <rem$cmp_ge0002> created at line 54.
    Summary:
	inferred   9 D-type flip-flop(s).
	inferred   4 Adder/Subtractor(s).
	inferred   4 Comparator(s).
Unit <Division> synthesized.


Synthesizing Unit <HalfAdder>.
    Related source file is "HalfAdder.v".
WARNING:Xst:647 - Input <clk> is never used. This port will be preserved and left unconnected if it belongs to a top-level block or it belongs to a sub-block and the hierarchy of this sub-block is preserved.
    Found 1-bit xor2 for signal <s>.
Unit <HalfAdder> synthesized.


Synthesizing Unit <FullAdder>.
    Related source file is "FullAdder.v".
WARNING:Xst:647 - Input <clk> is never used. This port will be preserved and left unconnected if it belongs to a top-level block or it belongs to a sub-block and the hierarchy of this sub-block is preserved.
    Found 1-bit xor2 for signal <s>.
    Found 1-bit xor2 for signal <cout$xor0000> created at line 33.
Unit <FullAdder> synthesized.


Synthesizing Unit <FourBitAdder>.
    Related source file is "FourBitAdder.v".
Unit <FourBitAdder> synthesized.


Synthesizing Unit <Calculator>.
    Related source file is "Calculator.v".
WARNING:Xst:646 - Signal <cout> is assigned but never used. This unconnected signal will be trimmed during the optimization process.
WARNING:Xst:646 - Signal <addition> is assigned but never used. This unconnected signal will be trimmed during the optimization process.
WARNING:Xst:646 - Signal <Reminder> is assigned but never used. This unconnected signal will be trimmed during the optimization process.
    Found 4x4-bit multiplier for signal <multiplication>.
    Found 6-bit subtractor for signal <substraction$sub0000> created at line 54.
    Summary:
	inferred   1 Adder/Subtractor(s).
	inferred   1 Multiplier(s).
Unit <Calculator> synthesized.


=========================================================================
HDL Synthesis Report

Macro Statistics
# ROMs                                                 : 2
 16x7-bit ROM                                          : 1
 4x4-bit ROM                                           : 1
# Multipliers                                          : 1
 4x4-bit multiplier                                    : 1
# Adders/Subtractors                                   : 12
 4-bit adder                                           : 7
 4-bit subtractor                                      : 4
 6-bit subtractor                                      : 1
# Counters                                             : 2
 2-bit up counter                                      : 1
 20-bit up counter                                     : 1
# Registers                                            : 10
 1-bit register                                        : 10
# Comparators                                          : 11
 4-bit comparator greatequal                           : 11
# Multiplexers                                         : 1
 4-bit 4-to-1 multiplexer                              : 1
# Xors                                                 : 7
 1-bit xor2                                            : 7

=========================================================================

=========================================================================
*                       Advanced HDL Synthesis                          *
=========================================================================


=========================================================================
Advanced HDL Synthesis Report

Macro Statistics
# ROMs                                                 : 2
 16x7-bit ROM                                          : 1
 4x4-bit ROM                                           : 1
# Multipliers                                          : 1
 4x4-bit multiplier                                    : 1
# Adders/Subtractors                                   : 12
 3-bit subtractor                                      : 3
 4-bit adder                                           : 7
 4-bit subtractor                                      : 1
 6-bit subtractor                                      : 1
# Counters                                             : 2
 2-bit up counter                                      : 1
 20-bit up counter                                     : 1
# Registers                                            : 10
 Flip-Flops                                            : 10
# Comparators                                          : 11
 4-bit comparator greatequal                           : 11
# Multiplexers                                         : 1
 4-bit 4-to-1 multiplexer                              : 1
# Xors                                                 : 7
 1-bit xor2                                            : 7

=========================================================================

=========================================================================
*                         Low Level Synthesis                           *
=========================================================================

Optimizing unit <Calculator> ...

Optimizing unit <binary_to_BCD> ...

Optimizing unit <Division> ...
WARNING:Xst:2677 - Node <b7/rem_0> of sequential type is unconnected in block <Calculator>.
WARNING:Xst:2677 - Node <b7/rem_2> of sequential type is unconnected in block <Calculator>.
WARNING:Xst:2677 - Node <b7/rem_3> of sequential type is unconnected in block <Calculator>.
WARNING:Xst:2677 - Node <b7/rem_1> of sequential type is unconnected in block <Calculator>.

Mapping all equations...
Building and optimizing final netlist ...
Found area constraint ratio of 100 (+ 5) on block Calculator, actual ratio is 9.

Final Macro Processing ...

=========================================================================
Final Register Report

Macro Statistics
# Registers                                            : 28
 Flip-Flops                                            : 28

=========================================================================

=========================================================================
*                           Partition Report                            *
=========================================================================

Partition Implementation Status
-------------------------------

  No Partitions were found in this design.

-------------------------------

=========================================================================
*                            Final Report                               *
=========================================================================
Final Results
RTL Top Level Output File Name     : Calculator.ngr
Top Level Output File Name         : Calculator
Output Format                      : NGC
Optimization Goal                  : Speed
Keep Hierarchy                     : No

Design Statistics
# IOs                              : 33

Cell Usage :
# BELS                             : 196
#      GND                         : 1
#      INV                         : 2
#      LUT1                        : 19
#      LUT2                        : 12
#      LUT3                        : 22
#      LUT4                        : 79
#      MUXCY                       : 24
#      MUXF5                       : 15
#      MUXF6                       : 1
#      VCC                         : 1
#      XORCY                       : 20
# FlipFlops/Latches                : 28
#      FD                          : 1
#      FDE                         : 1
#      FDR                         : 22
#      FDS                         : 4
# Clock Buffers                    : 1
#      BUFGP                       : 1
# IO Buffers                       : 32
#      IBUF                        : 10
#      OBUF                        : 22
# MULTs                            : 1
#      MULT18X18SIO                : 1
=========================================================================

Device utilization summary:
---------------------------

Selected Device : 3s100ecp132-5 

 Number of Slices:                       75  out of    960     7%  
 Number of Slice Flip Flops:             28  out of   1920     1%  
 Number of 4 input LUTs:                134  out of   1920     6%  
 Number of IOs:                          33
 Number of bonded IOBs:                  33  out of     83    39%  
 Number of MULT18X18SIOs:                 1  out of      4    25%  
 Number of GCLKs:                         1  out of     24     4%  

---------------------------
Partition Resource Summary:
---------------------------

  No Partitions were found in this design.

---------------------------


=========================================================================
TIMING REPORT

NOTE: THESE TIMING NUMBERS ARE ONLY A SYNTHESIS ESTIMATE.
      FOR ACCURATE TIMING INFORMATION PLEASE REFER TO THE TRACE REPORT
      GENERATED AFTER PLACE-and-ROUTE.

Clock Information:
------------------
-----------------------------------+------------------------+-------+
Clock Signal                       | Clock buffer(FF name)  | Load  |
-----------------------------------+------------------------+-------+
clk                                | BUFGP                  | 26    |
b3/clk_out                         | NONE(b4/temp_1)        | 2     |
-----------------------------------+------------------------+-------+
INFO:Xst:2169 - HDL ADVISOR - Some clock signals were not automatically buffered by XST with BUFG/BUFR resources. Please use the buffer_type constraint in order to insert these buffers to the clock signals to help prevent skew problems.

Asynchronous Control Signals Information:
----------------------------------------
No asynchronous control signals found in this design

Timing Summary:
---------------
Speed Grade: -5

   Minimum period: 4.259ns (Maximum Frequency: 234.811MHz)
   Minimum input arrival time before clock: 16.162ns
   Maximum output required time after clock: 16.899ns
   Maximum combinational path delay: 20.867ns

Timing Detail:
--------------
All values displayed in nanoseconds (ns)

=========================================================================
Timing constraint: Default period analysis for Clock 'clk'
  Clock period: 4.259ns (frequency: 234.811MHz)
  Total number of paths / destination ports: 631 / 42
-------------------------------------------------------------------------
Delay:               4.259ns (Levels of Logic = 6)
  Source:            b3/count_7 (FF)
  Destination:       b3/count_0 (FF)
  Source Clock:      clk rising
  Destination Clock: clk rising

  Data Path: b3/count_7 to b3/count_0
                                Gate     Net
    Cell:in->out      fanout   Delay   Delay  Logical Name (Net Name)
    ----------------------------------------  ------------
     FDR:C->Q              2   0.514   0.532  b3/count_7 (b3/count_7)
     LUT4:I0->O            1   0.612   0.000  b3/clk_out_cmp_eq0000_wg_lut<0> (b3/clk_out_cmp_eq0000_wg_lut<0>)
     MUXCY:S->O            1   0.404   0.000  b3/clk_out_cmp_eq0000_wg_cy<0> (b3/clk_out_cmp_eq0000_wg_cy<0>)
     MUXCY:CI->O           1   0.052   0.000  b3/clk_out_cmp_eq0000_wg_cy<1> (b3/clk_out_cmp_eq0000_wg_cy<1>)
     MUXCY:CI->O           1   0.052   0.000  b3/clk_out_cmp_eq0000_wg_cy<2> (b3/clk_out_cmp_eq0000_wg_cy<2>)
     MUXCY:CI->O           1   0.052   0.000  b3/clk_out_cmp_eq0000_wg_cy<3> (b3/clk_out_cmp_eq0000_wg_cy<3>)
     MUXCY:CI->O          21   0.288   0.959  b3/clk_out_cmp_eq0000_wg_cy<4> (b3/clk_out_cmp_eq0000)
     FDR:R                     0.795          b3/count_0
    ----------------------------------------
    Total                      4.259ns (2.768ns logic, 1.491ns route)
                                       (65.0% logic, 35.0% route)

=========================================================================
Timing constraint: Default period analysis for Clock 'b3/clk_out'
  Clock period: 2.382ns (frequency: 419.895MHz)
  Total number of paths / destination ports: 3 / 2
-------------------------------------------------------------------------
Delay:               2.382ns (Levels of Logic = 1)
  Source:            b4/temp_1 (FF)
  Destination:       b4/temp_1 (FF)
  Source Clock:      b3/clk_out rising
  Destination Clock: b3/clk_out rising

  Data Path: b4/temp_1 to b4/temp_1
                                Gate     Net
    Cell:in->out      fanout   Delay   Delay  Logical Name (Net Name)
    ----------------------------------------  ------------
     FD:C->Q              13   0.514   0.988  b4/temp_1 (b4/temp_1)
     LUT2:I0->O            1   0.612   0.000  b4/Mcount_temp_xor<1>11 (Result<1>1)
     FD:D                      0.268          b4/temp_1
    ----------------------------------------
    Total                      2.382ns (1.394ns logic, 0.988ns route)
                                       (58.5% logic, 41.5% route)

=========================================================================
Timing constraint: Default OFFSET IN BEFORE for Clock 'clk'
  Total number of paths / destination ports: 1968 / 9
-------------------------------------------------------------------------
Offset:              16.162ns (Levels of Logic = 14)
  Source:            sw<0> (PAD)
  Destination:       b7/qu_0 (FF)
  Destination Clock: clk rising

  Data Path: sw<0> to b7/qu_0
                                Gate     Net
    Cell:in->out      fanout   Delay   Delay  Logical Name (Net Name)
    ----------------------------------------  ------------
     IBUF:I->O            15   1.106   0.933  sw_0_IBUF (sw_0_IBUF)
     LUT4:I1->O            1   0.612   0.000  b7/rem_cmp_ge0000112 (b7/rem_cmp_ge0000111)
     MUXF5:I0->O           4   0.278   0.651  b7/rem_cmp_ge000011_f5 (b7/rem_cmp_ge0000)
     LUT3:I0->O            2   0.612   0.532  b7/rem_mux00031 (b7/rem_mux0003)
     LUT4:I0->O            1   0.612   0.509  b7/rem_cmp_ge00012 (b7/rem_cmp_ge00011)
     LUT3:I0->O            4   0.612   0.651  b7/rem_cmp_ge00011 (b7/rem_cmp_ge0001)
     LUT3:I0->O            3   0.612   0.603  b7/rem_mux00071 (b7/rem_mux0007)
     LUT4:I0->O            2   0.612   0.383  b7/rem_cmp_ge00022 (b7/Msub__sub0002_Madd_cy<1>)
     LUT4:I3->O            8   0.612   0.795  b7/rem_cmp_ge00021 (b7/rem_cmp_ge0002)
     LUT3:I0->O            1   0.612   0.000  b7/rem_mux001011 (b7/rem_mux00101)
     MUXF5:I1->O           1   0.278   0.426  b7/rem_mux00101_f5 (b7/rem_mux0010)
     LUT3:I1->O            1   0.612   0.387  b7/mux0000_cmp_ge00001_SW0 (N19)
     LUT3:I2->O            3   0.612   0.603  b7/mux0000_cmp_ge00001 (b7/mux0000_cmp_ge0000)
     LUT4:I0->O            4   0.612   0.499  b7/qu_3_cmp_eq00001 (b7/qu_3_cmp_eq0000)
     FDS:S                     0.795          b7/qu_3
    ----------------------------------------
    Total                     16.162ns (9.189ns logic, 6.973ns route)
                                       (56.9% logic, 43.1% route)

=========================================================================
Timing constraint: Default OFFSET OUT AFTER for Clock 'b3/clk_out'
  Total number of paths / destination ports: 125 / 10
-------------------------------------------------------------------------
Offset:              9.079ns (Levels of Logic = 5)
  Source:            b4/temp_0 (FF)
  Destination:       segment<5> (PAD)
  Source Clock:      b3/clk_out rising

  Data Path: b4/temp_0 to segment<5>
                                Gate     Net
    Cell:in->out      fanout   Delay   Delay  Logical Name (Net Name)
    ----------------------------------------  ------------
     FDR:C->Q             11   0.514   0.945  b4/temp_0 (b4/temp_0)
     LUT2:I0->O            2   0.612   0.532  b2/Mmux_out8172 (b2/Mmux_out4128)
     LUT4:I0->O            1   0.612   0.360  b2/Mmux_out8187_SW0 (N56)
     LUT4:I3->O            7   0.612   0.754  b2/Mmux_out8187 (mux_out<3>)
     LUT4:I0->O            1   0.612   0.357  b6/Mrom_numtobedisplay111 (segment_1_OBUF)
     OBUF:I->O                 3.169          segment_1_OBUF (segment<1>)
    ----------------------------------------
    Total                      9.079ns (6.131ns logic, 2.948ns route)
                                       (67.5% logic, 32.5% route)

=========================================================================
Timing constraint: Default OFFSET OUT AFTER for Clock 'clk'
  Total number of paths / destination ports: 11646 / 15
-------------------------------------------------------------------------
Offset:              16.899ns (Levels of Logic = 12)
  Source:            b7/qu_4 (FF)
  Destination:       segment<6> (PAD)
  Source Clock:      clk rising

  Data Path: b7/qu_4 to segment<6>
                                Gate     Net
    Cell:in->out      fanout   Delay   Delay  Logical Name (Net Name)
    ----------------------------------------  ------------
     FDR:C->Q              2   0.514   0.449  b7/qu_4 (b7/qu_4)
     LUT3:I1->O            4   0.612   0.568  led<5>_SW1 (N71)
     LUT4:I1->O           18   0.612   1.060  led<6> (led_6_OBUF)
     LUT4:I0->O            2   0.612   0.449  b1/shift_mux0010_SW1 (N4)
     LUT3:I1->O           10   0.612   0.902  b1/shift_mux0010 (b1/Madd__add0003_lut<2>)
     LUT4:I0->O            1   0.612   0.000  b1/shift_mux00161 (b1/shift_mux0016)
     MUXF5:I1->O          10   0.278   0.753  b1/shift_mux0016_f5 (b1/Madd__add0006_cy<0>)
     LUT4:I3->O            1   0.612   0.509  b2/Mmux_out6166 (b2/Mmux_out6166)
     LUT4:I0->O            1   0.612   0.509  b2/Mmux_out6195 (b2/Mmux_out6195)
     LUT4:I0->O            1   0.612   0.509  b2/Mmux_out6237_SW0 (N62)
     LUT4:I0->O            7   0.612   0.754  b2/Mmux_out6237 (mux_out<2>)
     LUT4:I0->O            1   0.612   0.357  b6/Mrom_numtobedisplay41 (segment_4_OBUF)
     OBUF:I->O                 3.169          segment_4_OBUF (segment<4>)
    ----------------------------------------
    Total                     16.899ns (10.081ns logic, 6.818ns route)
                                       (59.7% logic, 40.3% route)

=========================================================================
Timing constraint: Default path analysis
  Total number of paths / destination ports: 153749 / 15
-------------------------------------------------------------------------
Delay:               20.867ns (Levels of Logic = 13)
  Source:            sw<0> (PAD)
  Destination:       segment<6> (PAD)

  Data Path: sw<0> to segment<6>
                                Gate     Net
    Cell:in->out      fanout   Delay   Delay  Logical Name (Net Name)
    ----------------------------------------  ------------
     IBUF:I->O            15   1.106   0.864  sw_0_IBUF (sw_0_IBUF)
     MULT18X18SIO:B0->P6    1   3.632   0.509  Mmult_multiplication (multiplication<6>)
     LUT4:I0->O           18   0.612   1.060  led<6> (led_6_OBUF)
     LUT4:I0->O            2   0.612   0.449  b1/shift_mux0010_SW1 (N4)
     LUT3:I1->O           10   0.612   0.902  b1/shift_mux0010 (b1/Madd__add0003_lut<2>)
     LUT4:I0->O            1   0.612   0.000  b1/shift_mux00161 (b1/shift_mux0016)
     MUXF5:I1->O          10   0.278   0.753  b1/shift_mux0016_f5 (b1/Madd__add0006_cy<0>)
     LUT4:I3->O            1   0.612   0.509  b2/Mmux_out6166 (b2/Mmux_out6166)
     LUT4:I0->O            1   0.612   0.509  b2/Mmux_out6195 (b2/Mmux_out6195)
     LUT4:I0->O            1   0.612   0.509  b2/Mmux_out6237_SW0 (N62)
     LUT4:I0->O            7   0.612   0.754  b2/Mmux_out6237 (mux_out<2>)
     LUT4:I0->O            1   0.612   0.357  b6/Mrom_numtobedisplay41 (segment_4_OBUF)
     OBUF:I->O                 3.169          segment_4_OBUF (segment<4>)
    ----------------------------------------
    Total                     20.867ns (13.693ns logic, 7.174ns route)
                                       (65.6% logic, 34.4% route)

=========================================================================


Total REAL time to Xst completion: 5.00 secs
Total CPU time to Xst completion: 4.82 secs
 
--> 

Total memory usage is 4513668 kilobytes

Number of errors   :    0 (   0 filtered)
Number of warnings :   12 (   0 filtered)
Number of infos    :    1 (   0 filtered)

