--------------------------------------------------------------------------------
Release 14.7 Trace  (nt64)
Copyright (c) 1995-2013 Xilinx, Inc.  All rights reserved.

C:\Xilinx\14.7\ISE_DS\ISE\bin\nt64\unwrapped\trce.exe -intstyle ise -v 3 -s 5
-n 3 -fastpaths -xml Calculator.twx Calculator.ncd -o Calculator.twr
Calculator.pcf -ucf Calculator.ucf

Design file:              Calculator.ncd
Physical constraint file: Calculator.pcf
Device,package,speed:     xc3s100e,cp132,-5 (PRODUCTION 1.27 2013-10-13)
Report level:             verbose report

Environment Variable      Effect 
--------------------      ------ 
NONE                      No environment variables were set
--------------------------------------------------------------------------------

INFO:Timing:2698 - No timing constraints found, doing default enumeration.
INFO:Timing:3412 - To improve timing, see the Timing Closure User Guide (UG612).
INFO:Timing:2752 - To get complete path coverage, use the unconstrained paths 
   option. All paths that are not constrained will be reported in the 
   unconstrained paths section(s) of the report.
INFO:Timing:3339 - The clock-to-out numbers in this timing report are based on 
   a 50 Ohm transmission line loading model.  For the details of this model, 
   and for more information on accounting for different loading conditions, 
   please see the device datasheet.
INFO:Timing:3390 - This architecture does not support a default System Jitter 
   value, please add SYSTEM_JITTER constraint to the UCF to modify the Clock 
   Uncertainty calculation.
INFO:Timing:3389 - This architecture does not support 'Discrete Jitter' and 
   'Phase Error' calculations, these terms will be zero in the Clock 
   Uncertainty calculation.  Please make appropriate modification to 
   SYSTEM_JITTER to account for the unsupported Discrete Jitter and Phase 
   Error.



Data Sheet report:
-----------------
All values displayed in nanoseconds (ns)

Setup/Hold to clock clk
------------+------------+------------+------------------+--------+
            |Max Setup to|Max Hold to |                  | Clock  |
Source      | clk (edge) | clk (edge) |Internal Clock(s) | Phase  |
------------+------------+------------+------------------+--------+
sw<0>       |   13.507(R)|   -0.389(R)|clk_BUFGP         |   0.000|
sw<1>       |   13.861(R)|    0.180(R)|clk_BUFGP         |   0.000|
sw<2>       |   13.216(R)|    0.189(R)|clk_BUFGP         |   0.000|
sw<3>       |   13.212(R)|   -0.135(R)|clk_BUFGP         |   0.000|
sw<4>       |    5.006(R)|   -1.062(R)|clk_BUFGP         |   0.000|
sw<5>       |    8.430(R)|   -0.439(R)|clk_BUFGP         |   0.000|
sw<6>       |   11.284(R)|   -0.425(R)|clk_BUFGP         |   0.000|
sw<7>       |   12.982(R)|    0.031(R)|clk_BUFGP         |   0.000|
------------+------------+------------+------------------+--------+

Clock clk to Pad
------------+------------+------------------+--------+
            | clk (edge) |                  | Clock  |
Destination |   to PAD   |Internal Clock(s) | Phase  |
------------+------------+------------------+--------+
led<0>      |    8.464(R)|clk_BUFGP         |   0.000|
led<1>      |   10.517(R)|clk_BUFGP         |   0.000|
led<2>      |    9.419(R)|clk_BUFGP         |   0.000|
led<3>      |    9.561(R)|clk_BUFGP         |   0.000|
led<4>      |    9.490(R)|clk_BUFGP         |   0.000|
led<5>      |    9.984(R)|clk_BUFGP         |   0.000|
led<6>      |   10.169(R)|clk_BUFGP         |   0.000|
led<7>      |   10.468(R)|clk_BUFGP         |   0.000|
segment<0>  |   19.209(R)|clk_BUFGP         |   0.000|
segment<1>  |   18.716(R)|clk_BUFGP         |   0.000|
segment<2>  |   19.389(R)|clk_BUFGP         |   0.000|
segment<3>  |   19.100(R)|clk_BUFGP         |   0.000|
segment<4>  |   19.371(R)|clk_BUFGP         |   0.000|
segment<5>  |   18.993(R)|clk_BUFGP         |   0.000|
segment<6>  |   18.825(R)|clk_BUFGP         |   0.000|
------------+------------+------------------+--------+

Clock to Setup on destination clock clk
---------------+---------+---------+---------+---------+
               | Src:Rise| Src:Fall| Src:Rise| Src:Fall|
Source Clock   |Dest:Rise|Dest:Rise|Dest:Fall|Dest:Fall|
---------------+---------+---------+---------+---------+
clk            |    4.195|         |         |         |
---------------+---------+---------+---------+---------+

Pad to Pad
---------------+---------------+---------+
Source Pad     |Destination Pad|  Delay  |
---------------+---------------+---------+
btn<0>         |led<0>         |    8.039|
btn<0>         |led<1>         |   10.194|
btn<0>         |led<2>         |    9.024|
btn<0>         |led<3>         |   10.585|
btn<0>         |led<4>         |    9.876|
btn<0>         |led<5>         |   10.318|
btn<0>         |led<6>         |   10.570|
btn<0>         |led<7>         |   10.774|
btn<0>         |segment<0>     |   19.610|
btn<0>         |segment<1>     |   19.117|
btn<0>         |segment<2>     |   19.790|
btn<0>         |segment<3>     |   19.501|
btn<0>         |segment<4>     |   19.772|
btn<0>         |segment<5>     |   19.394|
btn<0>         |segment<6>     |   19.226|
btn<1>         |led<0>         |    7.955|
btn<1>         |led<1>         |   10.021|
btn<1>         |led<2>         |    8.645|
btn<1>         |led<3>         |    8.813|
btn<1>         |led<4>         |    9.387|
btn<1>         |led<5>         |    9.829|
btn<1>         |led<6>         |   10.081|
btn<1>         |led<7>         |   10.285|
btn<1>         |segment<0>     |   19.121|
btn<1>         |segment<1>     |   18.628|
btn<1>         |segment<2>     |   19.301|
btn<1>         |segment<3>     |   19.012|
btn<1>         |segment<4>     |   19.283|
btn<1>         |segment<5>     |   18.905|
btn<1>         |segment<6>     |   18.737|
sw<0>          |led<0>         |   13.622|
sw<0>          |led<1>         |   15.725|
sw<0>          |led<2>         |   14.057|
sw<0>          |led<3>         |   14.420|
sw<0>          |led<4>         |   13.430|
sw<0>          |led<5>         |   13.448|
sw<0>          |led<6>         |   14.674|
sw<0>          |led<7>         |   15.144|
sw<0>          |segment<0>     |   23.714|
sw<0>          |segment<1>     |   23.221|
sw<0>          |segment<2>     |   23.894|
sw<0>          |segment<3>     |   23.605|
sw<0>          |segment<4>     |   23.876|
sw<0>          |segment<5>     |   23.498|
sw<0>          |segment<6>     |   23.330|
sw<1>          |led<1>         |   14.020|
sw<1>          |led<2>         |   12.352|
sw<1>          |led<3>         |   12.715|
sw<1>          |led<4>         |   11.725|
sw<1>          |led<5>         |   11.743|
sw<1>          |led<6>         |   12.969|
sw<1>          |led<7>         |   13.439|
sw<1>          |segment<0>     |   22.009|
sw<1>          |segment<1>     |   21.516|
sw<1>          |segment<2>     |   22.189|
sw<1>          |segment<3>     |   21.900|
sw<1>          |segment<4>     |   22.171|
sw<1>          |segment<5>     |   21.793|
sw<1>          |segment<6>     |   21.625|
sw<2>          |led<2>         |   12.213|
sw<2>          |led<3>         |   12.576|
sw<2>          |led<4>         |   11.586|
sw<2>          |led<5>         |   11.604|
sw<2>          |led<6>         |   12.830|
sw<2>          |led<7>         |   13.300|
sw<2>          |segment<0>     |   21.870|
sw<2>          |segment<1>     |   21.377|
sw<2>          |segment<2>     |   22.050|
sw<2>          |segment<3>     |   21.761|
sw<2>          |segment<4>     |   22.032|
sw<2>          |segment<5>     |   21.654|
sw<2>          |segment<6>     |   21.486|
sw<3>          |led<3>         |   12.444|
sw<3>          |led<4>         |   11.454|
sw<3>          |led<5>         |   11.472|
sw<3>          |led<6>         |   12.698|
sw<3>          |led<7>         |   13.168|
sw<3>          |segment<0>     |   21.738|
sw<3>          |segment<1>     |   21.245|
sw<3>          |segment<2>     |   21.918|
sw<3>          |segment<3>     |   21.629|
sw<3>          |segment<4>     |   21.900|
sw<3>          |segment<5>     |   21.522|
sw<3>          |segment<6>     |   21.354|
sw<4>          |led<0>         |   10.838|
sw<4>          |led<1>         |   12.941|
sw<4>          |led<2>         |   11.273|
sw<4>          |led<3>         |   11.636|
sw<4>          |led<4>         |   10.646|
sw<4>          |led<5>         |   10.664|
sw<4>          |led<6>         |   11.890|
sw<4>          |led<7>         |   12.360|
sw<4>          |segment<0>     |   20.930|
sw<4>          |segment<1>     |   20.437|
sw<4>          |segment<2>     |   21.110|
sw<4>          |segment<3>     |   20.821|
sw<4>          |segment<4>     |   21.092|
sw<4>          |segment<5>     |   20.714|
sw<4>          |segment<6>     |   20.546|
sw<5>          |led<1>         |   13.158|
sw<5>          |led<2>         |   11.490|
sw<5>          |led<3>         |   11.853|
sw<5>          |led<4>         |   10.863|
sw<5>          |led<5>         |   10.881|
sw<5>          |led<6>         |   12.107|
sw<5>          |led<7>         |   12.577|
sw<5>          |segment<0>     |   21.147|
sw<5>          |segment<1>     |   20.654|
sw<5>          |segment<2>     |   21.327|
sw<5>          |segment<3>     |   21.038|
sw<5>          |segment<4>     |   21.309|
sw<5>          |segment<5>     |   20.931|
sw<5>          |segment<6>     |   20.763|
sw<6>          |led<2>         |   12.375|
sw<6>          |led<3>         |   12.738|
sw<6>          |led<4>         |   11.748|
sw<6>          |led<5>         |   11.766|
sw<6>          |led<6>         |   12.992|
sw<6>          |led<7>         |   13.462|
sw<6>          |segment<0>     |   22.032|
sw<6>          |segment<1>     |   21.539|
sw<6>          |segment<2>     |   22.212|
sw<6>          |segment<3>     |   21.923|
sw<6>          |segment<4>     |   22.194|
sw<6>          |segment<5>     |   21.816|
sw<6>          |segment<6>     |   21.648|
sw<7>          |led<3>         |   13.638|
sw<7>          |led<4>         |   12.648|
sw<7>          |led<5>         |   12.666|
sw<7>          |led<6>         |   13.892|
sw<7>          |led<7>         |   14.362|
sw<7>          |segment<0>     |   22.932|
sw<7>          |segment<1>     |   22.439|
sw<7>          |segment<2>     |   23.112|
sw<7>          |segment<3>     |   22.823|
sw<7>          |segment<4>     |   23.094|
sw<7>          |segment<5>     |   22.716|
sw<7>          |segment<6>     |   22.548|
---------------+---------------+---------+


Analysis completed Thu Apr 15 09:01:16 2021 
--------------------------------------------------------------------------------

Trace Settings:
-------------------------
Trace Settings 

Peak Memory Usage: 4503 MB



