--------------------------------------------------------------------------------
Release 14.7 Trace  (nt64)
Copyright (c) 1995-2013 Xilinx, Inc.  All rights reserved.

C:\Xilinx\14.7\ISE_DS\ISE\bin\nt64\unwrapped\trce.exe -intstyle ise -v 3 -s 5
-n 3 -fastpaths -xml Calculator.twx Calculator.ncd -o Calculator.twr
Calculator.pcf -ucf Calculator.ucf

Design file:              Calculator.ncd
Physical constraint file: Calculator.pcf
Device,package,speed:     xc3s100e,cp132,-5 (PRODUCTION 1.27 2013-10-13)
Report level:             verbose report

Environment Variable      Effect 
--------------------      ------ 
NONE                      No environment variables were set
--------------------------------------------------------------------------------

INFO:Timing:2698 - No timing constraints found, doing default enumeration.
INFO:Timing:3412 - To improve timing, see the Timing Closure User Guide (UG612).
INFO:Timing:2752 - To get complete path coverage, use the unconstrained paths 
   option. All paths that are not constrained will be reported in the 
   unconstrained paths section(s) of the report.
INFO:Timing:3339 - The clock-to-out numbers in this timing report are based on 
   a 50 Ohm transmission line loading model.  For the details of this model, 
   and for more information on accounting for different loading conditions, 
   please see the device datasheet.
INFO:Timing:3390 - This architecture does not support a default System Jitter 
   value, please add SYSTEM_JITTER constraint to the UCF to modify the Clock 
   Uncertainty calculation.
INFO:Timing:3389 - This architecture does not support 'Discrete Jitter' and 
   'Phase Error' calculations, these terms will be zero in the Clock 
   Uncertainty calculation.  Please make appropriate modification to 
   SYSTEM_JITTER to account for the unsupported Discrete Jitter and Phase 
   Error.



Data Sheet report:
-----------------
All values displayed in nanoseconds (ns)

Setup/Hold to clock clk
------------+------------+------------+------------------+--------+
            |Max Setup to|Max Hold to |                  | Clock  |
Source      | clk (edge) | clk (edge) |Internal Clock(s) | Phase  |
------------+------------+------------+------------------+--------+
sw<0>       |   13.727(R)|    0.062(R)|clk_BUFGP         |   0.000|
sw<1>       |   12.568(R)|    0.156(R)|clk_BUFGP         |   0.000|
sw<2>       |   11.352(R)|    0.755(R)|clk_BUFGP         |   0.000|
sw<3>       |   12.453(R)|    0.486(R)|clk_BUFGP         |   0.000|
sw<4>       |    7.608(R)|    0.520(R)|clk_BUFGP         |   0.000|
sw<5>       |    7.699(R)|    0.468(R)|clk_BUFGP         |   0.000|
sw<6>       |    9.996(R)|   -0.127(R)|clk_BUFGP         |   0.000|
sw<7>       |   12.654(R)|   -0.215(R)|clk_BUFGP         |   0.000|
------------+------------+------------+------------------+--------+

Clock clk to Pad
------------+------------+------------------+--------+
            | clk (edge) |                  | Clock  |
Destination |   to PAD   |Internal Clock(s) | Phase  |
------------+------------+------------------+--------+
led<0>      |    9.470(R)|clk_BUFGP         |   0.000|
led<1>      |   10.819(R)|clk_BUFGP         |   0.000|
led<2>      |    9.746(R)|clk_BUFGP         |   0.000|
led<3>      |   11.701(R)|clk_BUFGP         |   0.000|
led<4>      |   10.307(R)|clk_BUFGP         |   0.000|
led<5>      |    9.415(R)|clk_BUFGP         |   0.000|
led<6>      |    9.108(R)|clk_BUFGP         |   0.000|
led<7>      |    9.587(R)|clk_BUFGP         |   0.000|
segment<0>  |   20.188(R)|clk_BUFGP         |   0.000|
segment<1>  |   19.695(R)|clk_BUFGP         |   0.000|
segment<2>  |   19.986(R)|clk_BUFGP         |   0.000|
segment<3>  |   20.011(R)|clk_BUFGP         |   0.000|
segment<4>  |   19.724(R)|clk_BUFGP         |   0.000|
segment<5>  |   20.236(R)|clk_BUFGP         |   0.000|
segment<6>  |   19.708(R)|clk_BUFGP         |   0.000|
------------+------------+------------------+--------+

Clock to Setup on destination clock clk
---------------+---------+---------+---------+---------+
               | Src:Rise| Src:Fall| Src:Rise| Src:Fall|
Source Clock   |Dest:Rise|Dest:Rise|Dest:Fall|Dest:Fall|
---------------+---------+---------+---------+---------+
clk            |    8.585|         |         |         |
---------------+---------+---------+---------+---------+

Pad to Pad
---------------+---------------+---------+
Source Pad     |Destination Pad|  Delay  |
---------------+---------------+---------+
btn<0>         |led<0>         |    8.461|
btn<0>         |led<1>         |   10.590|
btn<0>         |led<2>         |    8.498|
btn<0>         |led<3>         |   10.759|
btn<0>         |led<4>         |    8.566|
btn<0>         |led<5>         |    7.173|
btn<0>         |led<6>         |    7.085|
btn<0>         |led<7>         |    7.723|
btn<0>         |segment<0>     |   19.243|
btn<0>         |segment<1>     |   18.750|
btn<0>         |segment<2>     |   19.041|
btn<0>         |segment<3>     |   19.066|
btn<0>         |segment<4>     |   18.779|
btn<0>         |segment<5>     |   19.291|
btn<0>         |segment<6>     |   18.763|
btn<1>         |led<0>         |    9.949|
btn<1>         |led<1>         |   11.447|
btn<1>         |led<2>         |    9.426|
btn<1>         |led<3>         |   10.930|
btn<1>         |led<4>         |    9.754|
btn<1>         |led<5>         |    8.840|
btn<1>         |led<6>         |    8.445|
btn<1>         |led<7>         |    9.461|
btn<1>         |segment<0>     |   19.414|
btn<1>         |segment<1>     |   18.921|
btn<1>         |segment<2>     |   19.212|
btn<1>         |segment<3>     |   19.237|
btn<1>         |segment<4>     |   18.950|
btn<1>         |segment<5>     |   19.462|
btn<1>         |segment<6>     |   18.934|
btn<2>         |led<0>         |    9.582|
btn<2>         |led<1>         |   11.080|
btn<2>         |led<2>         |    9.059|
btn<2>         |led<3>         |   10.563|
btn<2>         |led<4>         |    9.387|
btn<2>         |led<5>         |    7.923|
btn<2>         |led<6>         |    7.528|
btn<2>         |led<7>         |    8.544|
btn<2>         |segment<0>     |   19.047|
btn<2>         |segment<1>     |   18.554|
btn<2>         |segment<2>     |   18.845|
btn<2>         |segment<3>     |   18.870|
btn<2>         |segment<4>     |   18.583|
btn<2>         |segment<5>     |   19.095|
btn<2>         |segment<6>     |   18.567|
sw<0>          |led<0>         |    8.054|
sw<0>          |led<1>         |   14.384|
sw<0>          |led<2>         |   14.507|
sw<0>          |led<3>         |   17.017|
sw<0>          |led<4>         |    9.835|
sw<0>          |segment<0>     |   25.501|
sw<0>          |segment<1>     |   25.008|
sw<0>          |segment<2>     |   25.299|
sw<0>          |segment<3>     |   25.324|
sw<0>          |segment<4>     |   25.037|
sw<0>          |segment<5>     |   25.549|
sw<0>          |segment<6>     |   25.021|
sw<1>          |led<1>         |   12.117|
sw<1>          |led<2>         |   12.240|
sw<1>          |led<3>         |   14.750|
sw<1>          |led<4>         |   10.306|
sw<1>          |segment<0>     |   23.234|
sw<1>          |segment<1>     |   22.741|
sw<1>          |segment<2>     |   23.032|
sw<1>          |segment<3>     |   23.057|
sw<1>          |segment<4>     |   22.770|
sw<1>          |segment<5>     |   23.282|
sw<1>          |segment<6>     |   22.754|
sw<2>          |led<1>         |   11.597|
sw<2>          |led<2>         |   11.720|
sw<2>          |led<3>         |   14.230|
sw<2>          |led<4>         |    9.887|
sw<2>          |segment<0>     |   22.714|
sw<2>          |segment<1>     |   22.221|
sw<2>          |segment<2>     |   22.512|
sw<2>          |segment<3>     |   22.537|
sw<2>          |segment<4>     |   22.250|
sw<2>          |segment<5>     |   22.762|
sw<2>          |segment<6>     |   22.234|
sw<3>          |led<1>         |   10.943|
sw<3>          |led<2>         |   11.066|
sw<3>          |led<3>         |   13.576|
sw<3>          |led<4>         |    9.653|
sw<3>          |segment<0>     |   22.060|
sw<3>          |segment<1>     |   21.567|
sw<3>          |segment<2>     |   21.858|
sw<3>          |segment<3>     |   21.883|
sw<3>          |segment<4>     |   21.596|
sw<3>          |segment<5>     |   22.108|
sw<3>          |segment<6>     |   21.580|
sw<4>          |led<0>         |    7.517|
sw<4>          |led<1>         |   11.751|
sw<4>          |led<2>         |   11.874|
sw<4>          |led<3>         |   14.384|
sw<4>          |led<4>         |   10.095|
sw<4>          |segment<0>     |   22.868|
sw<4>          |segment<1>     |   22.375|
sw<4>          |segment<2>     |   22.666|
sw<4>          |segment<3>     |   22.691|
sw<4>          |segment<4>     |   22.404|
sw<4>          |segment<5>     |   22.916|
sw<4>          |segment<6>     |   22.388|
sw<5>          |led<1>         |   11.863|
sw<5>          |led<2>         |   11.986|
sw<5>          |led<3>         |   14.496|
sw<5>          |led<4>         |    9.831|
sw<5>          |segment<0>     |   22.980|
sw<5>          |segment<1>     |   22.487|
sw<5>          |segment<2>     |   22.778|
sw<5>          |segment<3>     |   22.803|
sw<5>          |segment<4>     |   22.516|
sw<5>          |segment<5>     |   23.028|
sw<5>          |segment<6>     |   22.500|
sw<6>          |led<1>         |   12.202|
sw<6>          |led<2>         |   12.325|
sw<6>          |led<3>         |   14.835|
sw<6>          |led<4>         |    9.481|
sw<6>          |segment<0>     |   23.319|
sw<6>          |segment<1>     |   22.826|
sw<6>          |segment<2>     |   23.117|
sw<6>          |segment<3>     |   23.142|
sw<6>          |segment<4>     |   22.855|
sw<6>          |segment<5>     |   23.367|
sw<6>          |segment<6>     |   22.839|
sw<7>          |led<1>         |   11.107|
sw<7>          |led<2>         |   11.230|
sw<7>          |led<3>         |   13.740|
sw<7>          |led<4>         |    7.837|
sw<7>          |segment<0>     |   22.224|
sw<7>          |segment<1>     |   21.731|
sw<7>          |segment<2>     |   22.022|
sw<7>          |segment<3>     |   22.047|
sw<7>          |segment<4>     |   21.760|
sw<7>          |segment<5>     |   22.272|
sw<7>          |segment<6>     |   21.744|
---------------+---------------+---------+


Analysis completed Sun Apr 18 21:54:27 2021 
--------------------------------------------------------------------------------

Trace Settings:
-------------------------
Trace Settings 

Peak Memory Usage: 4503 MB



